#-----------------------------------------------------------
# Vivado v2018.3 (64-bit)
# SW Build 2405991 on Thu Dec  6 23:38:27 MST 2018
# IP Build 2404404 on Fri Dec  7 01:43:56 MST 2018
# Start of session at: Fri Dec  6 23:18:38 2024
# Process ID: 16216
# Current directory: D:/09_My_Document/01_Competition_about/fpga/FPGACT137X/my_code/100_sim2
# Command line: vivado.exe -gui_launcher_event rodinguilauncherevent9024 D:\09_My_Document\01_Competition_about\fpga\FPGACT137X\my_code\100_sim2\100_sim2.xpr
# Log file: D:/09_My_Document/01_Competition_about/fpga/FPGACT137X/my_code/100_sim2/vivado.log
# Journal file: D:/09_My_Document/01_Competition_about/fpga/FPGACT137X/my_code/100_sim2\vivado.jou
#-----------------------------------------------------------
start_gui
open_project D:/09_My_Document/01_Competition_about/fpga/FPGACT137X/my_code/100_sim2/100_sim2.xpr
update_compile_order -fileset sources_1
reset_run synth_1
launch_runs impl_1 -to_step write_bitstream -jobs 12
wait_on_run impl_1
set_property STEPS.WRITE_BITSTREAM.ARGS.BIN_FILE false [get_runs impl_1]
open_hw
connect_hw_server
connect_hw_server
open_hw_target
set_property PROGRAM.FILE {D:/09_My_Document/01_Competition_about/fpga/FPGACT137X/my_code/100_sim2/100_sim2.runs/impl_1/main.bit} [get_hw_devices xc7s6_0]
current_hw_device [get_hw_devices xc7s6_0]
refresh_hw_device -update_hw_probes false [lindex [get_hw_devices xc7s6_0] 0]
create_hw_cfgmem -hw_device [get_hw_devices xc7s6_0] -mem_dev [lindex [get_cfgmem_parts {w25q128bv-spi-x1_x2_x4}] 0]
set_property PROBES.FILE {} [get_hw_devices xc7s6_0]
set_property FULL_PROBES.FILE {} [get_hw_devices xc7s6_0]
set_property PROGRAM.FILE {D:/09_My_Document/01_Competition_about/fpga/FPGACT137X/my_code/100_sim2/100_sim2.runs/impl_1/main.bit} [get_hw_devices xc7s6_0]
program_hw_devices [get_hw_devices xc7s6_0]
refresh_hw_device [lindex [get_hw_devices xc7s6_0] 0]
