#-----------------------------------------------------------
# Vivado v2018.3 (64-bit)
# SW Build 2405991 on Thu Dec  6 23:38:27 MST 2018
# IP Build 2404404 on Fri Dec  7 01:43:56 MST 2018
# Start of session at: Thu Dec 19 17:53:31 2024
# Process ID: 5212
# Current directory: D:/01_my_document/desktop/01_contest_about/07_FPGA_files/CT137Xilinx/my_code/009_at24c02_WandR
# Command line: vivado.exe -gui_launcher_event rodinguilauncherevent34696 D:\01_my_document\desktop\01_contest_about\07_FPGA_files\CT137Xilinx\my_code\009_at24c02_WandR\009_at24c02.xpr
# Log file: D:/01_my_document/desktop/01_contest_about/07_FPGA_files/CT137Xilinx/my_code/009_at24c02_WandR/vivado.log
# Journal file: D:/01_my_document/desktop/01_contest_about/07_FPGA_files/CT137Xilinx/my_code/009_at24c02_WandR\vivado.jou
#-----------------------------------------------------------
start_gui
open_project D:/01_my_document/desktop/01_contest_about/07_FPGA_files/CT137Xilinx/my_code/009_at24c02_WandR/009_at24c02.xpr
update_compile_order -fileset sources_1
reset_run synth_1
launch_runs impl_1 -to_step write_bitstream -jobs 8
wait_on_run impl_1
open_hw
connect_hw_server
open_hw_target
set_property PROGRAM.FILE {D:/01_my_document/desktop/01_contest_about/07_FPGA_files/CT137Xilinx/my_code/009_at24c02_WandR/009_at24c02.runs/impl_1/top.bit} [get_hw_devices xc7s6_0]
current_hw_device [get_hw_devices xc7s6_0]
refresh_hw_device -update_hw_probes false [lindex [get_hw_devices xc7s6_0] 0]
create_hw_cfgmem -hw_device [get_hw_devices xc7s6_0] -mem_dev [lindex [get_cfgmem_parts {w25q128bv-spi-x1_x2_x4}] 0]
set_property PROBES.FILE {} [get_hw_devices xc7s6_0]
set_property FULL_PROBES.FILE {} [get_hw_devices xc7s6_0]
set_property PROGRAM.FILE {D:/01_my_document/desktop/01_contest_about/07_FPGA_files/CT137Xilinx/my_code/009_at24c02_WandR/009_at24c02.runs/impl_1/top.bit} [get_hw_devices xc7s6_0]
program_hw_devices [get_hw_devices xc7s6_0]
refresh_hw_device [lindex [get_hw_devices xc7s6_0] 0]
reset_run synth_1
launch_runs impl_1 -to_step write_bitstream -jobs 8
wait_on_run impl_1
set_property PROBES.FILE {} [get_hw_devices xc7s6_0]
set_property FULL_PROBES.FILE {} [get_hw_devices xc7s6_0]
set_property PROGRAM.FILE {D:/01_my_document/desktop/01_contest_about/07_FPGA_files/CT137Xilinx/my_code/009_at24c02_WandR/009_at24c02.runs/impl_1/top.bit} [get_hw_devices xc7s6_0]
program_hw_devices [get_hw_devices xc7s6_0]
refresh_hw_device [lindex [get_hw_devices xc7s6_0] 0]
reset_run synth_1
launch_runs impl_1 -to_step write_bitstream -jobs 8
wait_on_run impl_1
set_property PROBES.FILE {} [get_hw_devices xc7s6_0]
set_property FULL_PROBES.FILE {} [get_hw_devices xc7s6_0]
set_property PROGRAM.FILE {D:/01_my_document/desktop/01_contest_about/07_FPGA_files/CT137Xilinx/my_code/009_at24c02_WandR/009_at24c02.runs/impl_1/top.bit} [get_hw_devices xc7s6_0]
program_hw_devices [get_hw_devices xc7s6_0]
refresh_hw_device [lindex [get_hw_devices xc7s6_0] 0]
reset_run synth_1
launch_runs impl_1 -to_step write_bitstream -jobs 8
wait_on_run impl_1
set_property PROBES.FILE {} [get_hw_devices xc7s6_0]
set_property FULL_PROBES.FILE {} [get_hw_devices xc7s6_0]
set_property PROGRAM.FILE {D:/01_my_document/desktop/01_contest_about/07_FPGA_files/CT137Xilinx/my_code/009_at24c02_WandR/009_at24c02.runs/impl_1/top.bit} [get_hw_devices xc7s6_0]
program_hw_devices [get_hw_devices xc7s6_0]
refresh_hw_device [lindex [get_hw_devices xc7s6_0] 0]
update_compile_order -fileset sources_1
reset_run synth_1
launch_runs impl_1 -to_step write_bitstream -jobs 8
wait_on_run impl_1
reset_run synth_1
launch_runs impl_1 -to_step write_bitstream -jobs 8
wait_on_run impl_1
set_property PROBES.FILE {} [get_hw_devices xc7s6_0]
set_property FULL_PROBES.FILE {} [get_hw_devices xc7s6_0]
set_property PROGRAM.FILE {D:/01_my_document/desktop/01_contest_about/07_FPGA_files/CT137Xilinx/my_code/009_at24c02_WandR/009_at24c02.runs/impl_1/top.bit} [get_hw_devices xc7s6_0]
program_hw_devices [get_hw_devices xc7s6_0]
refresh_hw_device [lindex [get_hw_devices xc7s6_0] 0]
write_cfgmem  -format mcs -size 128 -interface SPIx1 -loadbit {up 0x00000000 "D:/01_my_document/desktop/01_contest_about/07_FPGA_files/CT137Xilinx/my_code/009_at24c02_WandR/009_at24c02.runs/impl_1/top.bit" } -checksum -force -disablebitswap -file "D:/01_my_document/desktop/01_contest_about/07_FPGA_files/CT137Xilinx/my_code/009_at24c02_WandR/009_at24c02.runs/impl_1/at24c02.mcs"
set_property PROGRAM.ADDRESS_RANGE  {use_file} [ get_property PROGRAM.HW_CFGMEM [lindex [get_hw_devices xc7s6_0] 0]]
set_property PROGRAM.FILES [list "D:/01_my_document/desktop/01_contest_about/07_FPGA_files/CT137Xilinx/my_code/009_at24c02_WandR/009_at24c02.runs/impl_1/at24c02.mcs" ] [ get_property PROGRAM.HW_CFGMEM [lindex [get_hw_devices xc7s6_0] 0]]
set_property PROGRAM.PRM_FILE {} [ get_property PROGRAM.HW_CFGMEM [lindex [get_hw_devices xc7s6_0] 0]]
set_property PROGRAM.UNUSED_PIN_TERMINATION {pull-none} [ get_property PROGRAM.HW_CFGMEM [lindex [get_hw_devices xc7s6_0] 0]]
set_property PROGRAM.BLANK_CHECK  0 [ get_property PROGRAM.HW_CFGMEM [lindex [get_hw_devices xc7s6_0] 0]]
set_property PROGRAM.ERASE  1 [ get_property PROGRAM.HW_CFGMEM [lindex [get_hw_devices xc7s6_0] 0]]
set_property PROGRAM.CFG_PROGRAM  1 [ get_property PROGRAM.HW_CFGMEM [lindex [get_hw_devices xc7s6_0] 0]]
set_property PROGRAM.VERIFY  1 [ get_property PROGRAM.HW_CFGMEM [lindex [get_hw_devices xc7s6_0] 0]]
set_property PROGRAM.CHECKSUM  0 [ get_property PROGRAM.HW_CFGMEM [lindex [get_hw_devices xc7s6_0] 0]]
startgroup 
create_hw_bitstream -hw_device [lindex [get_hw_devices xc7s6_0] 0] [get_property PROGRAM.HW_CFGMEM_BITFILE [ lindex [get_hw_devices xc7s6_0] 0]]; program_hw_devices [lindex [get_hw_devices xc7s6_0] 0]; refresh_hw_device [lindex [get_hw_devices xc7s6_0] 0];
program_hw_cfgmem -hw_cfgmem [ get_property PROGRAM.HW_CFGMEM [lindex [get_hw_devices xc7s6_0] 0]]
endgroup
reset_run synth_1
launch_runs impl_1 -to_step write_bitstream -jobs 8
wait_on_run impl_1
reset_run synth_1
launch_runs impl_1 -to_step write_bitstream -jobs 8
wait_on_run impl_1
set_property PROBES.FILE {} [get_hw_devices xc7s6_0]
set_property FULL_PROBES.FILE {} [get_hw_devices xc7s6_0]
set_property PROGRAM.FILE {D:/01_my_document/desktop/01_contest_about/07_FPGA_files/CT137Xilinx/my_code/009_at24c02_WandR/009_at24c02.runs/impl_1/top.bit} [get_hw_devices xc7s6_0]
program_hw_devices [get_hw_devices xc7s6_0]
refresh_hw_device [lindex [get_hw_devices xc7s6_0] 0]
file mkdir D:/01_my_document/desktop/01_contest_about/07_FPGA_files/CT137Xilinx/my_code/009_at24c02_WandR/009_at24c02.srcs/sim_1/new
set_property SOURCE_SET sources_1 [get_filesets sim_1]
close [ open D:/01_my_document/desktop/01_contest_about/07_FPGA_files/CT137Xilinx/my_code/009_at24c02_WandR/009_at24c02.srcs/sim_1/new/testbench.v w ]
add_files -fileset sim_1 D:/01_my_document/desktop/01_contest_about/07_FPGA_files/CT137Xilinx/my_code/009_at24c02_WandR/009_at24c02.srcs/sim_1/new/testbench.v
update_compile_order -fileset sim_1
launch_simulation
source top.tcl
close_sim
launch_simulation
source top.tcl
close_sim
launch_simulation
source top.tcl
reset_run synth_1
launch_runs synth_1 -jobs 8
wait_on_run synth_1
update_compile_order -fileset sim_1
launch_simulation
close_sim
launch_simulation
launch_simulation
source test_bench.tcl
add_bp {D:/01_my_document/desktop/01_contest_about/07_FPGA_files/CT137Xilinx/my_code/009_at24c02_WandR/009_at24c02.srcs/sim_1/new/testbench.v} 93
remove_bps -file {D:/01_my_document/desktop/01_contest_about/07_FPGA_files/CT137Xilinx/my_code/009_at24c02_WandR/009_at24c02.srcs/sim_1/new/testbench.v} -line 93
add_bp {D:/01_my_document/desktop/01_contest_about/07_FPGA_files/CT137Xilinx/my_code/009_at24c02_WandR/009_at24c02.srcs/sim_1/new/testbench.v} 93
remove_bps -file {D:/01_my_document/desktop/01_contest_about/07_FPGA_files/CT137Xilinx/my_code/009_at24c02_WandR/009_at24c02.srcs/sim_1/new/testbench.v} -line 93
add_bp {D:/01_my_document/desktop/01_contest_about/07_FPGA_files/CT137Xilinx/my_code/009_at24c02_WandR/009_at24c02.srcs/sim_1/new/testbench.v} 91
remove_bps -file {D:/01_my_document/desktop/01_contest_about/07_FPGA_files/CT137Xilinx/my_code/009_at24c02_WandR/009_at24c02.srcs/sim_1/new/testbench.v} -line 91
add_bp {D:/01_my_document/desktop/01_contest_about/07_FPGA_files/CT137Xilinx/my_code/009_at24c02_WandR/009_at24c02.srcs/sim_1/new/testbench.v} 91
remove_bps -file {D:/01_my_document/desktop/01_contest_about/07_FPGA_files/CT137Xilinx/my_code/009_at24c02_WandR/009_at24c02.srcs/sim_1/new/testbench.v} -line 91
close_sim
export_ip_user_files -of_objects  [get_files D:/01_my_document/desktop/01_contest_about/07_FPGA_files/CT137Xilinx/my_code/009_at24c02_WandR/009_at24c02.srcs/sim_1/new/testbench.v] -no_script -reset -force -quiet
remove_files  -fileset sim_1 D:/01_my_document/desktop/01_contest_about/07_FPGA_files/CT137Xilinx/my_code/009_at24c02_WandR/009_at24c02.srcs/sim_1/new/testbench.v
file delete -force D:/01_my_document/desktop/01_contest_about/07_FPGA_files/CT137Xilinx/my_code/009_at24c02_WandR/009_at24c02.srcs/sim_1/new/testbench.v
reset_run synth_1
launch_runs impl_1 -to_step write_bitstream -jobs 8
wait_on_run impl_1
set_property PROBES.FILE {} [get_hw_devices xc7s6_0]
set_property FULL_PROBES.FILE {} [get_hw_devices xc7s6_0]
set_property PROGRAM.FILE {D:/01_my_document/desktop/01_contest_about/07_FPGA_files/CT137Xilinx/my_code/009_at24c02_WandR/009_at24c02.runs/impl_1/top.bit} [get_hw_devices xc7s6_0]
program_hw_devices [get_hw_devices xc7s6_0]
refresh_hw_device [lindex [get_hw_devices xc7s6_0] 0]
